// Jest Snapshot v1, https://goo.gl/fbAQLP

exports[`Header snapshot Tests Sample of snapshot testing, not very useful, but shows how to do it 1`] = `
<div
  className="app-header"
  style={
    Object {
      "WebkitTapHighlightColor": "rgba(0,0,0,0)",
      "backgroundColor": "#00bcd4",
      "borderRadius": "0px",
      "boxShadow": "0 1px 6px rgba(0, 0, 0, 0.12),
             0 1px 4px rgba(0, 0, 0, 0.12)",
      "boxSizing": "border-box",
      "color": "rgba(0, 0, 0, 0.87)",
      "display": "flex",
      "fontFamily": "Roboto, sans-serif",
      "muiPrepared": true,
      "paddingLeft": 24,
      "paddingRight": 24,
      "position": "relative",
      "transition": "all 450ms cubic-bezier(0.23, 1, 0.32, 1) 0ms",
      "width": "100%",
      "zIndex": 1100,
    }
  }
>
  <h1
    onTouchTap={[Function]}
    style={
      Object {
        "alignItems": "center",
        "boxFlex": 1,
        "color": "white",
        "display": "flex",
        "flex": "1",
        "fontSize": "24px",
        "fontWeight": 400,
        "height": 64,
        "letterSpacing": 0,
        "lineHeight": "64px",
        "margin": 0,
        "muiPrepared": true,
        "overflow": "hidden",
        "paddingLeft": "10px",
        "paddingTop": 0,
        "textOverflow": "ellipsis",
        "whiteSpace": "nowrap",
      }
    }
  >
    Snapshot Test #1
  </h1>
  <h2
    className="app-subtitle"
  >
    Test output over time in your component
  </h2>
  <img
    alt="app-logo"
    className="app-logo"
    src={Object {}}
  />
</div>
`;
